respuesta
seccion R3 nivel 43 caudal 62
seccion S1 nivel 51 caudal 32
seccion S2 nivel 35 caudal 42
fin
